
> server@1.0.0 test
> cross-env TEST_AUTH=1 jest --runInBand

node.exe : FAIL tests/integration/teacher-workflow.integration.test.js
At line:1 char:1
+ & "C:\Program Files\nodejs/node.exe" "C:\Program Files\nodejs/node_mo ...
+ ~~~~~~~~~~~~~~~~~~~~~~~~~~~~~~~~~~~~~~~~~~~~~~~~~~~~~~~~~~~~~~~~~~~~~
    + CategoryInfo          : NotSpecified: (FAIL tests/inte...gration.test.js:String) [], RemoteException
    + FullyQualifiedErrorId : NativeCommandError
 
  ΓùÅ Console

    console.log
      [dotenv@17.2.3] injecting env (0) from ..\.env -- tip: ≡ƒæÑ sync secrets across teammates & machines: 
https://dotenvx.com/ops

      at _log (node_modules/dotenv/lib/main.js:142:11)

    console.log
      [dotenv@17.2.3] injecting env (7) from .env -- tip: ≡ƒæÑ sync secrets across teammates & machines: 
https://dotenvx.com/ops

      at _log (node_modules/dotenv/lib/main.js:142:11)

    console.log
      Creating new user for Clerk ID: test_clerk_user

      at log (src/routes/users.js:27:21)

  ΓùÅ Complete Teacher Workflow Integration Tests ΓÇ║ Full Course Creation and Content Ingestion Flow ΓÇ║ 
Should complete full workflow: create course -> upload video -> ingest content

    TypeError: mockMux is not a function

    [0m [90m 111 |[39m
     [90m 112 |[39m       [36mconst[39m mockMux [33m=[39m 
require([32m'@mux/mux-node'[39m)[33m.[39m[36mdefault[39m[33m;[39m
    [31m[1m>[22m[39m[90m 113 |[39m       
mockMux()[33m.[39mvideo[33m.[39muploads[33m.[39mcreate[33m.[39mmockResolvedValue({
     [90m     |[39m       [31m[1m^[22m[39m
     [90m 114 |[39m         id[33m:[39m [32m'upload_123'[39m[33m,[39m
     [90m 115 |[39m         url[33m:[39m [32m'https://upload.mux.com/upload_123'[39m
     [90m 116 |[39m       })[33m;[39m[0m

      at Object.mockMux (tests/integration/teacher-workflow.integration.test.js:113:7)

PASS tests/app.test.js
  ΓùÅ Console

    console.log
      [dotenv@17.2.3] injecting env (0) from ..\.env -- tip: ≡ƒöÉ encrypt with Dotenvx: https://dotenvx.com

      at _log (node_modules/dotenv/lib/main.js:142:11)

    console.log
      [dotenv@17.2.3] injecting env (7) from .env -- tip: ΓÜÖ∩╕Å  enable debug logging with { debug: true }

      at _log (node_modules/dotenv/lib/main.js:142:11)

PASS tests/integration/workflow.integration.test.js
  ΓùÅ Console

    console.log
      [dotenv@17.2.3] injecting env (0) from ..\.env -- tip: ΓÜÖ∩╕Å  override existing env vars with { 
override: true }

      at _log (node_modules/dotenv/lib/main.js:142:11)

    console.log
      [dotenv@17.2.3] injecting env (0) from .env -- tip: ΓÜÖ∩╕Å  write to custom object with { processEnv: 
myObject }

      at _log (node_modules/dotenv/lib/main.js:142:11)

    console.log
      ≡ƒî▒ Starting database seed...

      at log (prisma/seed.js:5:13)

    console.log
      ≡ƒº╣ Cleaning up old data...

      at log (prisma/seed.js:8:13)

    console.log
      ≡ƒæÑ Creating users...

      at log (prisma/seed.js:26:13)

    console.log
      ≡ƒôÜ Creating courses...

      at log (prisma/seed.js:117:13)

    console.log
      ≡ƒô¥ Creating quizzes...

      at log (prisma/seed.js:368:13)

    console.log
      ≡ƒÄô Enrolling students...

      at log (prisma/seed.js:421:13)

    console.log
      ≡ƒôê Creating progress...

      at log (prisma/seed.js:432:13)

    console.log
      ≡ƒôè Creating quiz attempts...

      at log (prisma/seed.js:441:13)

    console.log
      Γ¡É Creating reviews...

      at log (prisma/seed.js:476:13)

    console.log
      ≡ƒÆ¼ Creating discussions...

      at log (prisma/seed.js:514:13)

    console.log
      Γ£à Seeding complete!

      at log (prisma/seed.js:558:13)

    console.log
      
          ≡ƒôè Summary:
          - 3 Teachers created
          - 4 Students created
          - 6 Courses created (3 free, 3 paid)
          - 11 Lessons with videos
          - 2 Quizzes with questions
          - 8 Enrollments
          - 6 Progress records
          - 3 Quiz attempts
          - 4 Reviews
          - 2 Discussions with 4 replies

      at log (prisma/seed.js:559:13)

PASS tests/video-upload.test.js
  ΓùÅ Console

    console.log
      [dotenv@17.2.3] injecting env (0) from ..\.env -- tip: ≡ƒöÉ prevent building .env in docker: 
https://dotenvx.com/prebuild

      at _log (node_modules/dotenv/lib/main.js:142:11)

    console.log
      [dotenv@17.2.3] injecting env (7) from .env -- tip: ≡ƒæÑ sync secrets across teammates & machines: 
https://dotenvx.com/ops

      at _log (node_modules/dotenv/lib/main.js:142:11)

PASS tests/integration/stripe-webhook.integration.test.js
  ΓùÅ Console

    console.log
      [dotenv@17.2.3] injecting env (0) from ..\.env -- tip: ΓÜÖ∩╕Å  override existing env vars with { 
override: true }

      at _log (node_modules/dotenv/lib/main.js:142:11)

    console.log
      [dotenv@17.2.3] injecting env (0) from .env -- tip: ≡ƒöæ add access controls to secrets: 
https://dotenvx.com/ops

      at _log (node_modules/dotenv/lib/main.js:142:11)

PASS tests/courses.test.js
  ΓùÅ Console

    console.log
      [dotenv@17.2.3] injecting env (0) from ..\.env -- tip: ΓÜÖ∩╕Å  load multiple .env files with { path: 
['.env.local', '.env'] }

      at _log (node_modules/dotenv/lib/main.js:142:11)

    console.log
      [dotenv@17.2.3] injecting env (7) from .env -- tip: ≡ƒöÉ prevent committing .env to code: 
https://dotenvx.com/precommit

      at _log (node_modules/dotenv/lib/main.js:142:11)

PASS tests/auth-security.test.js
  ΓùÅ Console

    console.log
      [dotenv@17.2.3] injecting env (0) from ..\.env -- tip: ≡ƒöä add secrets lifecycle management: 
https://dotenvx.com/ops

      at _log (node_modules/dotenv/lib/main.js:142:11)

    console.log
      [dotenv@17.2.3] injecting env (7) from .env -- tip: ΓÜÖ∩╕Å  write to custom object with { processEnv: 
myObject }

      at _log (node_modules/dotenv/lib/main.js:142:11)

    console.log
      Creating new user for Clerk ID: test_clerk_user

      at log (src/routes/users.js:27:21)

    console.log
      Creating new user for Clerk ID: test_clerk_user

      at log (src/routes/users.js:27:21)

    console.log
      Creating new user for Clerk ID: test_clerk_user

      at log (src/routes/users.js:27:21)

PASS tests/quiz-fail.test.js
  ΓùÅ Console

    console.log
      [dotenv@17.2.3] injecting env (0) from ..\.env -- tip: Γ£à audit secrets and track compliance: 
https://dotenvx.com/ops

      at _log (node_modules/dotenv/lib/main.js:142:11)

    console.log
      [dotenv@17.2.3] injecting env (7) from .env -- tip: ΓÜÖ∩╕Å  enable debug logging with { debug: true }

      at _log (node_modules/dotenv/lib/main.js:142:11)

PASS tests/stripe.test.js
  ΓùÅ Console

    console.log
      [dotenv@17.2.3] injecting env (0) from ..\.env -- tip: ≡ƒæÑ sync secrets across teammates & machines: 
https://dotenvx.com/ops

      at _log (node_modules/dotenv/lib/main.js:142:11)

    console.log
      [dotenv@17.2.3] injecting env (7) from .env -- tip: ΓÜÖ∩╕Å  override existing env vars with { override: 
true }

      at _log (node_modules/dotenv/lib/main.js:142:11)

PASS tests/stripe-webhook.test.js
  ΓùÅ Console

    console.log
      [dotenv@17.2.3] injecting env (0) from ..\.env -- tip: ΓÜÖ∩╕Å  write to custom object with { 
processEnv: myObject }

      at _log (node_modules/dotenv/lib/main.js:142:11)

    console.log
      [dotenv@17.2.3] injecting env (7) from .env -- tip: Γ£à audit secrets and track compliance: 
https://dotenvx.com/ops

      at _log (node_modules/dotenv/lib/main.js:142:11)

PASS tests/mux-delete.test.js
  ΓùÅ Console

    console.log
      [dotenv@17.2.3] injecting env (0) from ..\.env -- tip: ≡ƒöÉ encrypt with Dotenvx: https://dotenvx.com

      at _log (node_modules/dotenv/lib/main.js:142:11)

    console.log
      [dotenv@17.2.3] injecting env (7) from .env -- tip: ≡ƒæÑ sync secrets across teammates & machines: 
https://dotenvx.com/ops

      at _log (node_modules/dotenv/lib/main.js:142:11)

PASS tests/ai-ingestion.test.js
  ΓùÅ Console

    console.log
      [dotenv@17.2.3] injecting env (0) from ..\.env -- tip: ΓÜÖ∩╕Å  load multiple .env files with { path: 
['.env.local', '.env'] }

      at _log (node_modules/dotenv/lib/main.js:142:11)

    console.log
      [dotenv@17.2.3] injecting env (7) from .env -- tip: ≡ƒöÉ prevent building .env in docker: 
https://dotenvx.com/prebuild

      at _log (node_modules/dotenv/lib/main.js:142:11)

    console.error
      Chat error: TypeError: Cannot read properties of undefined (reading 'findMany')
          at findMany (D:\Projects\astralearn\server\src\routes\ai.js:169:55)
          at processTicksAndRejections (node:internal/process/task_queues:105:5)

    [0m [90m 219 |[39m         })[33m;[39m
     [90m 220 |[39m     } [36mcatch[39m (error) {
    [31m[1m>[22m[39m[90m 221 |[39m         console[33m.[39merror([32m'Chat error:'[39m[33m,[39m 
error)[33m;[39m
     [90m     |[39m                 [31m[1m^[22m[39m
     [90m 222 |[39m         res[33m.[39mstatus([35m500[39m)[33m.[39mjson({ error[33m:[39m 
error[33m.[39mmessage })[33m;[39m
     [90m 223 |[39m     }
     [90m 224 |[39m })[33m;[39m[0m

      at error (src/routes/ai.js:221:17)


Test Suites: 1 failed, 11 passed, 12 total
Tests:       1 failed, 58 passed, 59 total
Snapshots:   0 total
Time:        8.304 s, estimated 9 s
Ran all test suites.
